[24сент.2026 12:35:00.074] [main/INFO] [cpw.mods.modlauncher.Launcher/MODLAUNCHER]: ModLauncher running: args [--launchTarget, forgeclientdev, --version, 21.1.235, --assetIndex, asset-index, --assetsDir, C:\Users\goodi\.gradle\caches\minecraft\assets, --gameDir, ., --fml.fmlVersion, 4.0.42, --fml.mcVersion, 1.21.1, --fml.neoForgeVersion, 21.1.235, --fml.neoFormVersion, 20240808.144430]
[24сент.2026 12:35:00.079] [main/INFO] [cpw.mods.modlauncher.Launcher/MODLAUNCHER]: JVM identified as Microsoft OpenJDK 64-Bit Server VM 21.0.12.1+1-LTS
[24сент.2026 12:35:00.082] [main/INFO] [cpw.mods.modlauncher.Launcher/MODLAUNCHER]: ModLauncher 11.0.5+main.901c6ea8 starting: java version 21.0.12.1 by Microsoft; OS Windows 11 arch amd64 version 10.0
[24сент.2026 12:35:00.243] [main/INFO] [net.neoforged.fml.loading.ImmediateWindowHandler/]: Loading ImmediateWindowProvider fmlearlywindow
[24сент.2026 12:35:00.396] [main/INFO] [EARLYDISPLAY/]: Trying GL version 4.6
[24сент.2026 12:35:00.825] [main/INFO] [EARLYDISPLAY/]: Requested GL version 4.6 got version 4.6
[24сент.2026 12:35:00.954] [main/INFO] [mixin/]: SpongePowered MIXIN Subsystem Version=0.8.7 Source=union:/C:/Users/goodi/.gradle/caches/modules-2/files-2.1/net.fabricmc/sponge-mixin/0.15.2+mixin.0.8.7/2af2f021d8e02a0220dc27a7a72b4666d66d44ca/sponge-mixin-0.15.2+mixin.0.8.7.jar%23142!/ Service=ModLauncher Env=CLIENT
[24сент.2026 12:35:01.027] [pool-2-thread-1/INFO] [EARLYDISPLAY/]: GL info: NVIDIA GeForce RTX 4060 Laptop GPU/PCIe/SSE2 GL version 4.6.0 NVIDIA 616.56, NVIDIA Corporation
[24сент.2026 12:35:01.086] [main/INFO] [net.neoforged.fml.loading.moddiscovery.ModDiscoverer/SCAN]: Found mod file "neoforge-21.1.235.jar" [locator: neoforge devenv provider ([C:\Users\goodi\Desktop\The Unwritten\.gradle\repositories\ng_dummy_ng\net\neoforged\neoforge\21.1.235\neoforge-21.1.235.jar])]
[24сент.2026 12:35:01.119] [main/INFO] [net.neoforged.fml.loading.moddiscovery.ModDiscoverer/SCAN]: Found mod file "neoforge-21.1.235.jar" [locator: neoforge devenv provider ([C:\Users\goodi\Desktop\The Unwritten\.gradle\repositories\ng_dummy_ng\net\neoforged\neoforge\21.1.235\neoforge-21.1.235.jar])]
[24сент.2026 12:35:01.136] [main/INFO] [net.neoforged.fml.loading.moddiscovery.ModDiscoverer/SCAN]: Found mod file "main" [locator: userdev mods and services, reader: mod manifest]
[24сент.2026 12:35:01.165] [main/INFO] [net.neoforged.fml.loading.moddiscovery.ModDiscoverer/SCAN]: Found mod file "neoforge-21.1.235.jar" [locator: userdev mods and services, reader: mod manifest]
[24сент.2026 12:35:01.263] [main/INFO] [net.neoforged.fml.loading.moddiscovery.ModDiscoverer/SCAN]: Found gamelibrary file "mixinextras-neoforge-0.5.3.jar" [locator: userdev mods and services, reader: mod manifest]
[24сент.2026 12:35:01.467] [main/WARN] [net.neoforged.jarjar.selection.JarSelector/]: Attempted to select a dependency jar for JarJar which was passed in as source: library:mixinextras.neoforge. Using Mod File: C:\Users\goodi\.gradle\caches\modules-2\files-2.1\io.github.llamalad7\mixinextras-neoforge\0.5.3\a0919957808de97707c5fb4ce073e66aeef3e187\mixinextras-neoforge-0.5.3.jar
[24сент.2026 12:35:01.468] [main/INFO] [net.neoforged.fml.loading.moddiscovery.locators.JarInJarDependencyLocator/]: Found 1 dependencies adding them to mods collection
[24сент.2026 12:35:01.469] [main/INFO] [net.neoforged.fml.loading.moddiscovery.ModDiscoverer/SCAN]: Found library file "net.neoforged.neoforge-coremods-21.1.235.jar" [parent: neoforge-21.1.235.jar, locator: jarinjar, reader: mod manifest]
[24сент.2026 12:35:01.471] [main/INFO] [net.neoforged.fml.loading.moddiscovery.ModDiscoverer/]: 
     Mod List:
		Name Version (Mod Id)

		Minecraft 1.21.1 (minecraft)
		NeoForge 21.1.235 (neoforge)
		The Unwritten 0.1.0 (the_unwritten)
[24сент.2026 12:35:02.178] [main/INFO] [cpw.mods.modlauncher.LaunchServiceHandler/MODLAUNCHER]: Launching target 'forgeclientdev' with arguments [--version, 21.1.235, --gameDir, ., --assetsDir, C:\Users\goodi\.gradle\caches\minecraft\assets, --assetIndex, asset-index]
[24сент.2026 12:35:04.361] [Datafixer Bootstrap/INFO] [com.mojang.datafixers.DataFixerBuilder/]: 229 Datafixer optimizations took 380 milliseconds
[24сент.2026 12:35:04.558] [pool-7-thread-1/INFO] [MixinExtras|Service/]: Initializing MixinExtras via com.llamalad7.mixinextras.service.MixinExtrasServiceImpl(version=0.5.3).
[24сент.2026 12:35:09.669] [main/WARN] [net.minecraft.commands.Commands/]: Ambiguity between arguments [teleport, location] and [teleport, destination] with inputs: [0.1 -0.5 .9, 0 0 0]
[24сент.2026 12:35:09.670] [main/WARN] [net.minecraft.commands.Commands/]: Ambiguity between arguments [teleport, location] and [teleport, targets] with inputs: [0.1 -0.5 .9, 0 0 0]
[24сент.2026 12:35:09.674] [main/WARN] [net.minecraft.commands.Commands/]: Ambiguity between arguments [teleport, destination] and [teleport, targets] with inputs: [Player, 0123, @e, dd12be42-52a9-4a91-a8a1-11c01849e498]
[24сент.2026 12:35:09.675] [main/WARN] [net.minecraft.commands.Commands/]: Ambiguity between arguments [teleport, targets] and [teleport, destination] with inputs: [Player, 0123, dd12be42-52a9-4a91-a8a1-11c01849e498]
[24сент.2026 12:35:09.676] [main/WARN] [net.minecraft.commands.Commands/]: Ambiguity between arguments [teleport, targets, location] and [teleport, targets, destination] with inputs: [0.1 -0.5 .9, 0 0 0]
[24сент.2026 12:35:09.818] [Render thread/WARN] [net.minecraft.server.packs.VanillaPackResourcesBuilder/]: Assets URL 'union:/C:/Users/goodi/Desktop/The%20Unwritten/.gradle/repositories/ng_dummy_ng/net/neoforged/neoforge/21.1.235/neoforge-21.1.235.jar%23195!/assets/.mcassetsroot' uses unexpected schema
[24сент.2026 12:35:09.819] [Render thread/WARN] [net.minecraft.server.packs.VanillaPackResourcesBuilder/]: Assets URL 'union:/C:/Users/goodi/Desktop/The%20Unwritten/.gradle/repositories/ng_dummy_ng/net/neoforged/neoforge/21.1.235/neoforge-21.1.235.jar%23195!/data/.mcassetsroot' uses unexpected schema
[24сент.2026 12:35:09.860] [Render thread/INFO] [com.mojang.authlib.yggdrasil.YggdrasilAuthenticationService/]: Environment: Environment[sessionHost=https://sessionserver.mojang.com, servicesHost=https://api.minecraftservices.com, name=PROD]
[24сент.2026 12:35:09.871] [Render thread/INFO] [net.minecraft.client.Minecraft/]: Setting user: Dev
[24сент.2026 12:35:09.991] [Render thread/INFO] [net.minecraft.client.Minecraft/]: Backend library: LWJGL version 3.3.3+5
[24сент.2026 12:35:10.253] [modloading-worker-0/INFO] [net.neoforged.neoforge.common.NeoForgeMod/NEOFORGE-MOD]: NeoForge mod loading, version 21.1.235, for MC 1.21.1
[24сент.2026 12:35:11.191] [Render thread/INFO] [net.neoforged.neoforge.gametest.GameTestHooks/]: Enabled Gametest Namespaces: [the_unwritten]
[24сент.2026 12:35:11.360] [Render thread/INFO] [net.minecraft.server.packs.resources.ReloadableResourceManager/]: Reloading ResourceManager: vanilla, mod_resources, mod/the_unwritten, mod/neoforge
[24сент.2026 12:35:11.377] [Worker-Main-1/INFO] [com.theunwritten.TheUnwritten/]: HELLO FROM COMMON SETUP
[24сент.2026 12:35:11.528] [Worker-Main-13/INFO] [net.minecraft.client.gui.font.providers.UnihexProvider/]: Found unifont_all_no_pua-15.1.05.hex, loading
[24сент.2026 12:35:11.554] [Worker-Main-17/INFO] [com.theunwritten.TheUnwritten/]: HELLO FROM CLIENT SETUP
[24сент.2026 12:35:11.555] [Worker-Main-17/INFO] [com.theunwritten.TheUnwritten/]: MINECRAFT NAME >> Dev
[24сент.2026 12:35:11.620] [Worker-Main-14/INFO] [net.minecraft.client.gui.font.providers.UnihexProvider/]: Found unifont_jp_patch-15.1.05.hex, loading
[24сент.2026 12:35:12.636] [Worker-Main-15/WARN] [net.minecraft.client.resources.model.BlockStateModelLoader/]: Exception loading blockstate definition: 'the_unwritten:blockstates/example_block.json' missing model for variant: 'the_unwritten:example_block#'
[24сент.2026 12:35:12.642] [Worker-Main-15/WARN] [net.minecraft.client.resources.model.ModelBakery/]: Unable to load model: 'the_unwritten:item/example_block' referenced from: the_unwritten:item/example_block: java.io.FileNotFoundException: the_unwritten:models/item/example_block.json
[24сент.2026 12:35:12.652] [Worker-Main-15/WARN] [net.minecraft.client.resources.model.ModelBakery/]: Unable to load model: 'the_unwritten:item/example_item' referenced from: the_unwritten:item/example_item: java.io.FileNotFoundException: the_unwritten:models/item/example_item.json
[24сент.2026 12:35:13.838] [Render thread/WARN] [net.minecraft.client.sounds.SoundEngine/]: Missing sound for event: minecraft:item.goat_horn.play
[24сент.2026 12:35:13.838] [Render thread/WARN] [net.minecraft.client.sounds.SoundEngine/]: Missing sound for event: minecraft:entity.goat.screaming.horn_break
[24сент.2026 12:35:15.862] [Render thread/INFO] [com.mojang.blaze3d.audio.Library/]: OpenAL initialized on device OpenAL Soft on Динамики (Realtek(R) Audio)
[24сент.2026 12:35:15.864] [Render thread/INFO] [net.minecraft.client.sounds.SoundEngine/SOUNDS]: Sound engine started
[24сент.2026 12:35:15.993] [Render thread/INFO] [net.minecraft.client.renderer.texture.TextureAtlas/]: Created: 1024x512x4 minecraft:textures/atlas/blocks.png-atlas
[24сент.2026 12:35:16.010] [Render thread/INFO] [net.minecraft.client.renderer.texture.TextureAtlas/]: Created: 256x256x4 minecraft:textures/atlas/signs.png-atlas
[24сент.2026 12:35:16.012] [Render thread/INFO] [net.minecraft.client.renderer.texture.TextureAtlas/]: Created: 512x512x4 minecraft:textures/atlas/shield_patterns.png-atlas
[24сент.2026 12:35:16.014] [Render thread/INFO] [net.minecraft.client.renderer.texture.TextureAtlas/]: Created: 512x512x4 minecraft:textures/atlas/banner_patterns.png-atlas
[24сент.2026 12:35:16.016] [Render thread/INFO] [net.minecraft.client.renderer.texture.TextureAtlas/]: Created: 1024x1024x4 minecraft:textures/atlas/armor_trims.png-atlas
[24сент.2026 12:35:16.024] [Render thread/INFO] [net.minecraft.client.renderer.texture.TextureAtlas/]: Created: 128x64x4 minecraft:textures/atlas/decorated_pot.png-atlas
[24сент.2026 12:35:16.025] [Render thread/INFO] [net.minecraft.client.renderer.texture.TextureAtlas/]: Created: 256x256x4 minecraft:textures/atlas/chest.png-atlas
[24сент.2026 12:35:16.025] [Render thread/INFO] [net.minecraft.client.renderer.texture.TextureAtlas/]: Created: 512x256x4 minecraft:textures/atlas/shulker_boxes.png-atlas
[24сент.2026 12:35:16.026] [Render thread/INFO] [net.minecraft.client.renderer.texture.TextureAtlas/]: Created: 512x256x4 minecraft:textures/atlas/beds.png-atlas
[24сент.2026 12:35:16.221] [Render thread/INFO] [net.minecraft.client.renderer.texture.TextureAtlas/]: Created: 512x256x0 minecraft:textures/atlas/particles.png-atlas
[24сент.2026 12:35:16.224] [Render thread/INFO] [net.minecraft.client.renderer.texture.TextureAtlas/]: Created: 512x256x0 minecraft:textures/atlas/paintings.png-atlas
[24сент.2026 12:35:16.226] [Render thread/INFO] [net.minecraft.client.renderer.texture.TextureAtlas/]: Created: 256x128x0 minecraft:textures/atlas/mob_effects.png-atlas
[24сент.2026 12:35:16.227] [Render thread/INFO] [net.minecraft.client.renderer.texture.TextureAtlas/]: Created: 64x64x0 minecraft:textures/atlas/map_decorations.png-atlas
[24сент.2026 12:35:16.227] [Render thread/INFO] [net.minecraft.client.renderer.texture.TextureAtlas/]: Created: 1024x512x0 minecraft:textures/atlas/gui.png-atlas
[24сент.2026 12:35:16.253] [Render thread/WARN] [net.minecraft.client.renderer.ShaderInstance/]: Shader rendertype_entity_translucent_emissive could not find sampler named Sampler2 in the specified shader program.
[24сент.2026 12:35:16.317] [Render thread/INFO] [net.neoforged.neoforge.client.entity.animation.json.AnimationLoader/]: Loaded 0 entity animations
[24сент.2026 12:35:40.368] [Render thread/INFO] [net.minecraft.world.item.crafting.RecipeManager/]: Loaded 1290 recipes
[24сент.2026 12:35:40.669] [Render thread/INFO] [net.minecraft.advancements.AdvancementTree/]: Loaded 1399 advancements
[24сент.2026 12:35:41.062] [Server thread/INFO] [net.minecraft.client.server.IntegratedServer/]: Starting integrated minecraft server version 1.21.1
[24сент.2026 12:35:41.062] [Server thread/INFO] [net.minecraft.server.MinecraftServer/]: Generating keypair
[24сент.2026 12:35:42.050] [Server thread/INFO] [net.minecraft.server.MinecraftServer/]: Preparing start region for dimension minecraft:overworld
[24сент.2026 12:35:42.416] [progressListener/INFO] [net.minecraft.server.level.progress.LoggerChunkProgressListener/]: Подготовка области возрождения: 0%
[24сент.2026 12:35:42.579] [Server thread/INFO] [net.neoforged.neoforge.server.permission.PermissionAPI/]: Successfully initialized permission handler neoforge:default_handler
[24сент.2026 12:35:42.580] [Server thread/INFO] [com.theunwritten.TheUnwritten/]: HELLO from server starting
[24сент.2026 12:35:42.594] [progressListener/INFO] [net.minecraft.server.level.progress.LoggerChunkProgressListener/]: Time elapsed: 525 ms
[24сент.2026 12:35:42.690] [Server thread/INFO] [net.minecraft.client.server.IntegratedServer/]: Changing view distance to 12, from 10
[24сент.2026 12:35:42.690] [Server thread/INFO] [net.minecraft.client.server.IntegratedServer/]: Changing simulation distance to 12, from 0
[24сент.2026 12:35:43.628] [Server thread/INFO] [net.minecraft.server.players.PlayerList/]: Dev[local:E:d9c20727] logged in with entity id 98 at (0.5, 79.0, 8.5)
[24сент.2026 12:35:43.712] [Server thread/INFO] [net.minecraft.server.MinecraftServer/]: Dev присоединился к игре
[24сент.2026 12:35:43.926] [Render thread/INFO] [net.minecraft.advancements.AdvancementTree/]: Loaded 2 advancements
[24сент.2026 12:35:44.593] [Server thread/INFO] [net.minecraft.client.server.IntegratedServer/]: Saving and pausing game...
[24сент.2026 12:35:44.668] [Server thread/INFO] [net.minecraft.server.MinecraftServer/]: Saving chunks for level 'ServerLevel[Новый мир]'/minecraft:overworld
[24сент.2026 12:35:44.687] [Server thread/INFO] [net.minecraft.server.MinecraftServer/]: Saving chunks for level 'ServerLevel[Новый мир]'/minecraft:the_end
[24сент.2026 12:35:44.687] [Server thread/INFO] [net.minecraft.server.MinecraftServer/]: Saving chunks for level 'ServerLevel[Новый мир]'/minecraft:the_nether
[24сент.2026 12:36:15.307] [Render thread/INFO] [net.minecraft.client.gui.components.ChatComponent/]: [System] [CHAT] Неизвестная или неполная команда. См. ниже, чтобы найти ошибку
[24сент.2026 12:36:15.321] [Render thread/INFO] [net.minecraft.client.gui.components.ChatComponent/]: [System] [CHAT] attribute<--[ЗДЕСЬ]
[24сент.2026 12:36:18.452] [Render thread/INFO] [net.minecraft.client.gui.components.ChatComponent/]: [System] [CHAT] Неизвестная или неполная команда. См. ниже, чтобы найти ошибку
[24сент.2026 12:36:18.474] [Render thread/INFO] [net.minecraft.client.gui.components.ChatComponent/]: [System] [CHAT] attributes<--[ЗДЕСЬ]
[24сент.2026 12:36:26.832] [Server thread/INFO] [net.minecraft.client.server.IntegratedServer/]: Saving and pausing game...
[24сент.2026 12:36:26.843] [Server thread/INFO] [net.minecraft.server.MinecraftServer/]: Saving chunks for level 'ServerLevel[Новый мир]'/minecraft:overworld
[24сент.2026 12:36:26.866] [Server thread/INFO] [net.minecraft.server.MinecraftServer/]: Saving chunks for level 'ServerLevel[Новый мир]'/minecraft:the_end
[24сент.2026 12:36:26.866] [Server thread/INFO] [net.minecraft.server.MinecraftServer/]: Saving chunks for level 'ServerLevel[Новый мир]'/minecraft:the_nether
[24сент.2026 12:36:28.932] [Server thread/INFO] [net.minecraft.client.server.IntegratedServer/]: Saving and pausing game...
[24сент.2026 12:36:28.940] [Server thread/INFO] [net.minecraft.server.MinecraftServer/]: Saving chunks for level 'ServerLevel[Новый мир]'/minecraft:overworld
[24сент.2026 12:36:28.946] [Server thread/INFO] [net.minecraft.server.MinecraftServer/]: Saving chunks for level 'ServerLevel[Новый мир]'/minecraft:the_end
[24сент.2026 12:36:28.946] [Server thread/INFO] [net.minecraft.server.MinecraftServer/]: Saving chunks for level 'ServerLevel[Новый мир]'/minecraft:the_nether
[24сент.2026 12:36:29.898] [Render thread/INFO] [net.minecraft.client.Minecraft/]: Stopping!
[24сент.2026 12:36:29.945] [Server thread/INFO] [net.minecraft.server.network.ServerGamePacketListenerImpl/]: Dev lost connection: Отключение
[24сент.2026 12:36:29.946] [Server thread/INFO] [net.minecraft.server.MinecraftServer/]: Dev покинул игру
[24сент.2026 12:36:29.955] [Server thread/INFO] [net.minecraft.server.network.ServerCommonPacketListenerImpl/]: Stopping singleplayer server as player logged out
[24сент.2026 12:36:29.983] [Server thread/INFO] [net.minecraft.server.MinecraftServer/]: Stopping server
[24сент.2026 12:36:29.983] [Server thread/INFO] [net.minecraft.server.MinecraftServer/]: Saving players
[24сент.2026 12:36:29.984] [Server thread/INFO] [net.minecraft.server.MinecraftServer/]: Saving worlds
[24сент.2026 12:36:30.174] [Server thread/INFO] [net.minecraft.server.MinecraftServer/]: Saving chunks for level 'ServerLevel[Новый мир]'/minecraft:overworld
[24сент.2026 12:36:30.508] [Server thread/INFO] [net.minecraft.server.MinecraftServer/]: Saving chunks for level 'ServerLevel[Новый мир]'/minecraft:the_end
[24сент.2026 12:36:30.512] [Server thread/INFO] [net.minecraft.server.MinecraftServer/]: Saving chunks for level 'ServerLevel[Новый мир]'/minecraft:the_nether
[24сент.2026 12:36:30.523] [Server thread/INFO] [net.minecraft.server.MinecraftServer/]: ThreadedAnvilChunkStorage (Новый мир): All chunks are saved
[24сент.2026 12:36:30.524] [Server thread/INFO] [net.minecraft.server.MinecraftServer/]: ThreadedAnvilChunkStorage (DIM1): All chunks are saved
[24сент.2026 12:36:30.524] [Server thread/INFO] [net.minecraft.server.MinecraftServer/]: ThreadedAnvilChunkStorage (DIM-1): All chunks are saved
[24сент.2026 12:36:30.524] [Server thread/INFO] [net.minecraft.server.MinecraftServer/]: ThreadedAnvilChunkStorage: All dimensions are saved
